  CommonUtilities.cpp
  InputHandler.cpp
  InputTest.cpp
  Print.cpp
  Random.cpp
  Timer.cpp
  pch.cpp
  DDSTextureLoader11.cpp
  ScreenGrab11.cpp
  WICTextureLoader11.cpp
  Recast.cpp
  RecastAlloc.cpp
  RecastArea.cpp
  RecastAssert.cpp
  RecastContour.cpp
  RecastFilter.cpp
  RecastLayers.cpp
  RecastMesh.cpp
  RecastMeshDetail.cpp
  RecastRasterization.cpp
  RecastRegion.cpp
  StackWalker.cpp
  Importer.cpp
  Internals.cpp
  TGAFbx.pch.cpp
  TgaFbxStructs.cpp
  imgui.cpp
  imgui_demo.cpp
  imgui_draw.cpp
  imgui_impl_dx11.cpp
  imgui_impl_win32.cpp
  imgui_tables.cpp
  imgui_widgets.cpp
  imgui_stdlib.cpp
  binary_to_compressed_c.cpp
  imgui_freetype.cpp
  GraphEditor.cpp
  ImCurveEdit.cpp
  ImGradient.cpp
  ImGuizmo.cpp
  ImSequencer.cpp
  imnodes.cpp
  async.cpp
  bundled_fmtlib_format.cpp
  cfg.cpp
  color_sinks.cpp
  file_sinks.cpp
  spdlog.cpp
  stdout_sinks.cpp
DXGI.lib(dxgi.dll) : warning LNK4006: __NULL_IMPORT_DESCRIPTOR already defined in libfbxsdk.lib(libfbxsdk.dll); second definition ignored
  External.vcxproj -> D:\Github\TGA\Djupning_C++\flappy\Uppgift_2_FlappyHelicopter\Lib\External_Debug.lib
