  stdafx.cpp
  -------Never give up on your dreams!-------------
  Timer.cpp
  AnimationPlayer.cpp
  MathFunc.cpp
  Skeleton.cpp
  audio.cpp
  audio_out.cpp
  MemoryTracker.cpp
  StackTrace.cpp
  CustomShapeDrawer.cpp
  DebugDrawer.cpp
  DebugPerformanceGraph.cpp
  LineDrawer.cpp
  ModelDrawer.cpp
  SpriteDrawer.cpp
  CommandManager.cpp
  engine.cpp
  ErrorManager.cpp
  FileWatcher.cpp
  AmbientLight.cpp
  Camera.cpp
  DX11.cpp
  DepthBuffer.cpp
  FullscreenEffect.cpp
  FullscreenPixelateEffect.cpp
  GraphicsEngine.cpp
  GraphicsStateStack.cpp
  Light.cpp
  PointLight.cpp
  RenderTarget.cpp
  TextureResource.cpp
  ImGuiInterface.cpp
  ImGuiPropertyEditor.cpp
  InputManager.cpp
  XInput.cpp
  tgaloader.cpp
  CommonMath.cpp
  FMath.cpp
  AnimatedModelInstance.cpp
  Model.cpp
  ModelFactory.cpp
  ModelInstance.cpp
  PerlinNoise.cpp
  CustomShape.cpp
  RenderObject.cpp
  Scene.cpp
  SceneObject.cpp
  SceneObjectDefinition.cpp
  SceneObjectDefinitionManager.cpp
  ScenePropertyTypes.cpp
  SceneSerialize.cpp
  BaseProperties.cpp
  ScriptCreationContext.cpp
  ScriptExecutionContext.cpp
  CommonMathNodes.cpp
  CommonNodes.cpp
  ExampleNodes.cpp
  SceneObjectNodes.cpp
  Property.cpp
  Script.cpp
  ScriptManager.cpp
  ScriptNodeTypeRegistry.cpp
  ScriptRuntimeInstance.cpp
  settings.cpp
  ModelShader.cpp
  SpriteShader.cpp
  shader.cpp
  StringRegistry.cpp
  TextService.cpp
  fontfile.cpp
  parser.cpp
  text.cpp
  textfile.cpp
  token.cpp
  TextureManager.cpp
  texture.cpp
  UUIDManager.cpp
  VideoAudio.cpp
  video.cpp
  videoplayer.cpp
  WindowsWindow.cpp
swresample.lib(dqves00018.o) : warning LNK4006: __imp_ff_log2_tab already defined in avutil.lib(dhmes00372.o); second definition ignored
  Engine.vcxproj -> D:\Github\TGA\Djupning_C++\flappy\CPPF_03_Lucas_Berg\Lib\Engine_Debug.lib
