c:\users\lucas.berg4\onedrive - academedia\documents\github\tga\intro_c++\inlämningsuppgifter\uppgift_4.1_diablo_dungeon\main\main\x64\debug\vc143.pdb
c:\users\lucas.berg4\onedrive - academedia\documents\github\tga\intro_c++\inlämningsuppgifter\uppgift_4.1_diablo_dungeon\main\main\x64\debug\vc143.idb
c:\users\lucas.berg4\onedrive - academedia\documents\github\tga\intro_c++\inlämningsuppgifter\uppgift_4.1_diablo_dungeon\main\main\x64\debug\worldmap.obj
c:\users\lucas.berg4\onedrive - academedia\documents\github\tga\intro_c++\inlämningsuppgifter\uppgift_4.1_diablo_dungeon\main\main\x64\debug\utils.obj
c:\users\lucas.berg4\onedrive - academedia\documents\github\tga\intro_c++\inlämningsuppgifter\uppgift_4.1_diablo_dungeon\main\main\x64\debug\room.obj
c:\users\lucas.berg4\onedrive - academedia\documents\github\tga\intro_c++\inlämningsuppgifter\uppgift_4.1_diablo_dungeon\main\main\x64\debug\print.obj
c:\users\lucas.berg4\onedrive - academedia\documents\github\tga\intro_c++\inlämningsuppgifter\uppgift_4.1_diablo_dungeon\main\main\x64\debug\player.obj
c:\users\lucas.berg4\onedrive - academedia\documents\github\tga\intro_c++\inlämningsuppgifter\uppgift_4.1_diablo_dungeon\main\main\x64\debug\main.obj
c:\users\lucas.berg4\onedrive - academedia\documents\github\tga\intro_c++\inlämningsuppgifter\uppgift_4.1_diablo_dungeon\main\main\x64\debug\enemy.obj
c:\users\lucas.berg4\onedrive - academedia\documents\github\tga\intro_c++\inlämningsuppgifter\uppgift_4.1_diablo_dungeon\main\main\x64\debug\door.obj
c:\users\lucas.berg4\onedrive - academedia\documents\github\tga\intro_c++\inlämningsuppgifter\uppgift_4.1_diablo_dungeon\main\main\x64\debug\diablo.obj
c:\users\lucas.berg4\onedrive - academedia\documents\github\tga\intro_c++\inlämningsuppgifter\uppgift_4.1_diablo_dungeon\main\x64\debug\main.exe
c:\users\lucas.berg4\onedrive - academedia\documents\github\tga\intro_c++\inlämningsuppgifter\uppgift_4.1_diablo_dungeon\main\x64\debug\main.pdb
c:\users\lucas.berg4\onedrive - academedia\documents\github\tga\intro_c++\inlämningsuppgifter\uppgift_4.1_diablo_dungeon\main\main\x64\debug\main.ilk
c:\users\lucas.berg4\onedrive - academedia\documents\github\tga\intro_c++\inlämningsuppgifter\uppgift_4.1_diablo_dungeon\main\main\x64\debug\main.tlog\cl.command.1.tlog
c:\users\lucas.berg4\onedrive - academedia\documents\github\tga\intro_c++\inlämningsuppgifter\uppgift_4.1_diablo_dungeon\main\main\x64\debug\main.tlog\cl.items.tlog
c:\users\lucas.berg4\onedrive - academedia\documents\github\tga\intro_c++\inlämningsuppgifter\uppgift_4.1_diablo_dungeon\main\main\x64\debug\main.tlog\cl.read.1.tlog
c:\users\lucas.berg4\onedrive - academedia\documents\github\tga\intro_c++\inlämningsuppgifter\uppgift_4.1_diablo_dungeon\main\main\x64\debug\main.tlog\cl.write.1.tlog
c:\users\lucas.berg4\onedrive - academedia\documents\github\tga\intro_c++\inlämningsuppgifter\uppgift_4.1_diablo_dungeon\main\main\x64\debug\main.tlog\link.command.1.tlog
c:\users\lucas.berg4\onedrive - academedia\documents\github\tga\intro_c++\inlämningsuppgifter\uppgift_4.1_diablo_dungeon\main\main\x64\debug\main.tlog\link.read.1.tlog
c:\users\lucas.berg4\onedrive - academedia\documents\github\tga\intro_c++\inlämningsuppgifter\uppgift_4.1_diablo_dungeon\main\main\x64\debug\main.tlog\link.secondary.1.tlog
c:\users\lucas.berg4\onedrive - academedia\documents\github\tga\intro_c++\inlämningsuppgifter\uppgift_4.1_diablo_dungeon\main\main\x64\debug\main.tlog\link.write.1.tlog
