f:\thegameassembly\tga\5_tgp\tgp_main\main\main\x64\debug\vc143.pdb
f:\thegameassembly\tga\5_tgp\tgp_main\main\main\x64\debug\vc143.idb
f:\thegameassembly\tga\5_tgp\tgp_main\main\main\x64\debug\ddstextureloader9.obj
f:\thegameassembly\tga\5_tgp\tgp_main\main\main\x64\debug\ddstextureloader11.obj
f:\thegameassembly\tga\5_tgp\tgp_main\main\main\x64\debug\engine.obj
f:\thegameassembly\tga\5_tgp\tgp_main\main\main\x64\debug\cubemap.obj
f:\thegameassembly\tga\5_tgp\tgp_main\main\main\x64\debug\timer.obj
f:\thegameassembly\tga\5_tgp\tgp_main\main\main\x64\debug\random.obj
f:\thegameassembly\tga\5_tgp\tgp_main\main\main\x64\debug\print.obj
f:\thegameassembly\tga\5_tgp\tgp_main\main\main\x64\debug\pch.obj
f:\thegameassembly\tga\5_tgp\tgp_main\main\main\x64\debug\fmath.obj
f:\thegameassembly\tga\5_tgp\tgp_main\main\main\x64\debug\commonmath.obj
f:\thegameassembly\tga\5_tgp\tgp_main\main\main\x64\debug\xinput.obj
f:\thegameassembly\tga\5_tgp\tgp_main\main\main\x64\debug\inputmanager.obj
f:\thegameassembly\tga\5_tgp\tgp_main\main\main\x64\debug\inputtest.obj
f:\thegameassembly\tga\5_tgp\tgp_main\main\main\x64\debug\inputhandler.obj
f:\thegameassembly\tga\5_tgp\tgp_main\main\main\x64\debug\cameracontroller.obj
f:\thegameassembly\tga\5_tgp\tgp_main\main\main\x64\debug\camera.obj
f:\thegameassembly\tga\5_tgp\tgp_main\main\main\x64\debug\tgafbxstructs.obj
f:\thegameassembly\tga\5_tgp\tgp_main\main\main\x64\debug\tgafbx.pch.obj
f:\thegameassembly\tga\5_tgp\tgp_main\main\main\x64\debug\internals.obj
f:\thegameassembly\tga\5_tgp\tgp_main\main\main\x64\debug\importer.obj
f:\thegameassembly\tga\5_tgp\tgp_main\main\main\x64\debug\shaderfactory.obj
f:\thegameassembly\tga\5_tgp\tgp_main\main\main\x64\debug\shader.obj
f:\thegameassembly\tga\5_tgp\tgp_main\main\main\x64\debug\texture.obj
f:\thegameassembly\tga\5_tgp\tgp_main\main\main\x64\debug\terrainmesh.obj
f:\thegameassembly\tga\5_tgp\tgp_main\main\main\x64\debug\primitivemeshes.obj
f:\thegameassembly\tga\5_tgp\tgp_main\main\main\x64\debug\mesh.obj
f:\thegameassembly\tga\5_tgp\tgp_main\main\main\x64\debug\main.obj
f:\thegameassembly\tga\5_tgp\tgp_main\main\main\x64\debug\rendertarget.obj
f:\thegameassembly\tga\5_tgp\tgp_main\main\main\x64\debug\lights.obj
f:\thegameassembly\tga\5_tgp\tgp_main\main\main\x64\debug\graphicsengine.obj
f:\thegameassembly\tga\5_tgp\tgp_main\main\main\x64\debug\gameworld.obj
f:\thegameassembly\tga\5_tgp\tgp_main\main\main\x64\debug\gameobjectfactory.obj
f:\thegameassembly\tga\5_tgp\tgp_main\main\main\x64\debug\gameobject.obj
f:\thegameassembly\tga\5_tgp\tgp_main\main\main\x64\debug\fbxloader.obj
f:\thegameassembly\tga\5_tgp\tgp_main\main\x64\debug\water_ps.cso
f:\thegameassembly\tga\5_tgp\tgp_main\main\x64\debug\water_vs.cso
f:\thegameassembly\tga\5_tgp\tgp_main\main\x64\debug\animated_mesh_ps.cso
f:\thegameassembly\tga\5_tgp\tgp_main\main\x64\debug\camera_pos_ps.cso
f:\thegameassembly\tga\5_tgp\tgp_main\main\x64\debug\colored_mesh_ps.cso
f:\thegameassembly\tga\5_tgp\tgp_main\main\x64\debug\colored_mesh_vs.cso
f:\thegameassembly\tga\5_tgp\tgp_main\main\x64\debug\default_ps.cso
f:\thegameassembly\tga\5_tgp\tgp_main\main\x64\debug\default_vs.cso
f:\thegameassembly\tga\5_tgp\tgp_main\main\x64\debug\model_animated_ps.cso
f:\thegameassembly\tga\5_tgp\tgp_main\main\x64\debug\model_animated_vs.cso
f:\thegameassembly\tga\5_tgp\tgp_main\main\x64\debug\model_lit_ps.cso
f:\thegameassembly\tga\5_tgp\tgp_main\main\x64\debug\model_lit_vs.cso
f:\thegameassembly\tga\5_tgp\tgp_main\main\x64\debug\postprocesstonemapps.cso
f:\thegameassembly\tga\5_tgp\tgp_main\main\x64\debug\terrain_ps.cso
f:\thegameassembly\tga\5_tgp\tgp_main\main\x64\debug\terrain_vs.cso
f:\thegameassembly\tga\5_tgp\tgp_main\main\x64\debug\textured_mesh_ps.cso
f:\thegameassembly\tga\5_tgp\tgp_main\main\x64\debug\main.exe
f:\thegameassembly\tga\5_tgp\tgp_main\main\x64\debug\main.pdb
f:\thegameassembly\tga\5_tgp\tgp_main\main\main\x64\debug\main.ilk
f:\thegameassembly\tga\5_tgp\tgp_main\main\main\x64\debug\main.tlog\cl.command.1.tlog
f:\thegameassembly\tga\5_tgp\tgp_main\main\main\x64\debug\main.tlog\cl.items.tlog
f:\thegameassembly\tga\5_tgp\tgp_main\main\main\x64\debug\main.tlog\cl.read.1.tlog
f:\thegameassembly\tga\5_tgp\tgp_main\main\main\x64\debug\main.tlog\cl.write.1.tlog
f:\thegameassembly\tga\5_tgp\tgp_main\main\main\x64\debug\main.tlog\fxc.command.1.tlog
f:\thegameassembly\tga\5_tgp\tgp_main\main\main\x64\debug\main.tlog\fxc.read.1.tlog
f:\thegameassembly\tga\5_tgp\tgp_main\main\main\x64\debug\main.tlog\fxc.write.1.tlog
f:\thegameassembly\tga\5_tgp\tgp_main\main\main\x64\debug\main.tlog\link.command.1.tlog
f:\thegameassembly\tga\5_tgp\tgp_main\main\main\x64\debug\main.tlog\link.read.1.tlog
f:\thegameassembly\tga\5_tgp\tgp_main\main\main\x64\debug\main.tlog\link.secondary.1.tlog
f:\thegameassembly\tga\5_tgp\tgp_main\main\main\x64\debug\main.tlog\link.write.1.tlog
