f:\thegameassembly\tga\5_tgp\tgp_01_4_lucas_berg\main\main\x64\debug\vc145.pdb
f:\thegameassembly\tga\5_tgp\tgp_01_4_lucas_berg\main\main\x64\debug\vc145.idb
f:\thegameassembly\tga\5_tgp\tgp_01_4_lucas_berg\main\main\x64\debug\shaderfactory.obj
f:\thegameassembly\tga\5_tgp\tgp_01_4_lucas_berg\main\main\x64\debug\shader.obj
f:\thegameassembly\tga\5_tgp\tgp_01_4_lucas_berg\main\main\x64\debug\texture.obj
f:\thegameassembly\tga\5_tgp\tgp_01_4_lucas_berg\main\main\x64\debug\primitivemeshes.obj
f:\thegameassembly\tga\5_tgp\tgp_01_4_lucas_berg\main\main\x64\debug\mesh.obj
f:\thegameassembly\tga\5_tgp\tgp_01_4_lucas_berg\main\main\x64\debug\main.obj
f:\thegameassembly\tga\5_tgp\tgp_01_4_lucas_berg\main\main\x64\debug\graphicsengine.obj
f:\thegameassembly\tga\5_tgp\tgp_01_4_lucas_berg\main\main\x64\debug\gameworld.obj
f:\thegameassembly\tga\5_tgp\tgp_01_4_lucas_berg\main\main\x64\debug\gameobjectfactory.obj
f:\thegameassembly\tga\5_tgp\tgp_01_4_lucas_berg\main\main\x64\debug\gameobject.obj
f:\thegameassembly\tga\5_tgp\tgp_01_4_lucas_berg\main\main\x64\debug\engine.obj
f:\thegameassembly\tga\5_tgp\tgp_01_4_lucas_berg\main\main\x64\debug\cameracontroller.obj
f:\thegameassembly\tga\5_tgp\tgp_01_4_lucas_berg\main\main\x64\debug\camera.obj
f:\thegameassembly\tga\5_tgp\tgp_01_4_lucas_berg\main\main\x64\debug\terrainmesh.obj
f:\thegameassembly\tga\5_tgp\tgp_01_4_lucas_berg\main\x64\debug\animated_mesh_ps.cso
f:\thegameassembly\tga\5_tgp\tgp_01_4_lucas_berg\main\x64\debug\camera_pos_ps.cso
f:\thegameassembly\tga\5_tgp\tgp_01_4_lucas_berg\main\x64\debug\colored_mesh_ps.cso
f:\thegameassembly\tga\5_tgp\tgp_01_4_lucas_berg\main\x64\debug\colored_mesh_vs.cso
f:\thegameassembly\tga\5_tgp\tgp_01_4_lucas_berg\main\x64\debug\default_ps.cso
f:\thegameassembly\tga\5_tgp\tgp_01_4_lucas_berg\main\x64\debug\default_vs.cso
f:\thegameassembly\tga\5_tgp\tgp_01_4_lucas_berg\main\x64\debug\model_animated_ps.cso
f:\thegameassembly\tga\5_tgp\tgp_01_4_lucas_berg\main\x64\debug\model_animated_vs.cso
f:\thegameassembly\tga\5_tgp\tgp_01_4_lucas_berg\main\x64\debug\model_lit_ps.cso
f:\thegameassembly\tga\5_tgp\tgp_01_4_lucas_berg\main\x64\debug\model_lit_vs.cso
f:\thegameassembly\tga\5_tgp\tgp_01_4_lucas_berg\main\x64\debug\terrain_ps.cso
f:\thegameassembly\tga\5_tgp\tgp_01_4_lucas_berg\main\x64\debug\terrain_vs.cso
f:\thegameassembly\tga\5_tgp\tgp_01_4_lucas_berg\main\x64\debug\textured_mesh_ps.cso
f:\thegameassembly\tga\5_tgp\tgp_01_4_lucas_berg\main\x64\debug\main.exe
f:\thegameassembly\tga\5_tgp\tgp_01_4_lucas_berg\main\x64\debug\main.pdb
f:\thegameassembly\tga\5_tgp\tgp_01_4_lucas_berg\main\main\x64\debug\main.res
f:\thegameassembly\tga\5_tgp\tgp_01_4_lucas_berg\main\main\x64\debug\main.ilk
f:\thegameassembly\tga\5_tgp\tgp_01_4_lucas_berg\main\main\x64\debug\main.tlog\cl.command.1.tlog
f:\thegameassembly\tga\5_tgp\tgp_01_4_lucas_berg\main\main\x64\debug\main.tlog\cl.items.tlog
f:\thegameassembly\tga\5_tgp\tgp_01_4_lucas_berg\main\main\x64\debug\main.tlog\cl.read.1.tlog
f:\thegameassembly\tga\5_tgp\tgp_01_4_lucas_berg\main\main\x64\debug\main.tlog\cl.write.1.tlog
f:\thegameassembly\tga\5_tgp\tgp_01_4_lucas_berg\main\main\x64\debug\main.tlog\fxc.command.1.tlog
f:\thegameassembly\tga\5_tgp\tgp_01_4_lucas_berg\main\main\x64\debug\main.tlog\fxc.read.1.tlog
f:\thegameassembly\tga\5_tgp\tgp_01_4_lucas_berg\main\main\x64\debug\main.tlog\fxc.write.1.tlog
f:\thegameassembly\tga\5_tgp\tgp_01_4_lucas_berg\main\main\x64\debug\main.tlog\link.command.1.tlog
f:\thegameassembly\tga\5_tgp\tgp_01_4_lucas_berg\main\main\x64\debug\main.tlog\link.read.1.tlog
f:\thegameassembly\tga\5_tgp\tgp_01_4_lucas_berg\main\main\x64\debug\main.tlog\link.secondary.1.tlog
f:\thegameassembly\tga\5_tgp\tgp_01_4_lucas_berg\main\main\x64\debug\main.tlog\link.write.1.tlog
f:\thegameassembly\tga\5_tgp\tgp_01_4_lucas_berg\main\main\x64\debug\main.tlog\rc.command.1.tlog
f:\thegameassembly\tga\5_tgp\tgp_01_4_lucas_berg\main\main\x64\debug\main.tlog\rc.read.1.tlog
f:\thegameassembly\tga\5_tgp\tgp_01_4_lucas_berg\main\main\x64\debug\main.tlog\rc.write.1.tlog
