c:\users\lucas.berg4\documents\github\tga\5_tgp\main\main\x64\debug\vc145.pdb
c:\users\lucas.berg4\documents\github\tga\5_tgp\main\main\x64\debug\vc145.idb
c:\users\lucas.berg4\documents\github\tga\5_tgp\main\main\x64\debug\main.obj
c:\users\lucas.berg4\documents\github\tga\5_tgp\main\main\x64\debug\gameworld.obj
c:\users\lucas.berg4\documents\github\tga\5_tgp\main\x64\debug\colored_mesh_vs.cso
c:\users\lucas.berg4\documents\github\tga\5_tgp\main\x64\debug\colored_mesh_ps.cso
c:\users\lucas.berg4\documents\github\tga\5_tgp\main\x64\debug\main.exe
c:\users\lucas.berg4\documents\github\tga\5_tgp\main\x64\debug\main.pdb
c:\users\lucas.berg4\documents\github\tga\5_tgp\main\main\x64\debug\main.res
c:\users\lucas.berg4\documents\github\tga\5_tgp\main\main\x64\debug\main.ilk
f:\thegameassembly\tga\5_tgp\main\main\x64\debug\gameworld.obj
f:\thegameassembly\tga\5_tgp\main\main\x64\debug\main.obj
f:\thegameassembly\tga\5_tgp\main\main\x64\debug\main.ilk
f:\thegameassembly\tga\5_tgp\main\main\x64\debug\main.res
f:\thegameassembly\tga\5_tgp\main\main\x64\debug\vc145.idb
f:\thegameassembly\tga\5_tgp\main\main\x64\debug\vc145.pdb
f:\thegameassembly\tga\5_tgp\main\x64\debug\main.pdb
f:\thegameassembly\tga\5_tgp\main\x64\debug\main.exe
f:\thegameassembly\tga\5_tgp\main\main\x64\debug\main.tlog\cl.command.1.tlog
f:\thegameassembly\tga\5_tgp\main\main\x64\debug\main.tlog\cl.items.tlog
f:\thegameassembly\tga\5_tgp\main\main\x64\debug\main.tlog\cl.read.1.tlog
f:\thegameassembly\tga\5_tgp\main\main\x64\debug\main.tlog\cl.write.1.tlog
f:\thegameassembly\tga\5_tgp\main\main\x64\debug\main.tlog\fxc.command.1.tlog
f:\thegameassembly\tga\5_tgp\main\main\x64\debug\main.tlog\fxc.read.1.tlog
f:\thegameassembly\tga\5_tgp\main\main\x64\debug\main.tlog\fxc.write.1.tlog
f:\thegameassembly\tga\5_tgp\main\main\x64\debug\main.tlog\link.command.1.tlog
f:\thegameassembly\tga\5_tgp\main\main\x64\debug\main.tlog\link.read.1.tlog
f:\thegameassembly\tga\5_tgp\main\main\x64\debug\main.tlog\link.secondary.1.tlog
f:\thegameassembly\tga\5_tgp\main\main\x64\debug\main.tlog\link.write.1.tlog
f:\thegameassembly\tga\5_tgp\main\main\x64\debug\main.tlog\rc.command.1.tlog
f:\thegameassembly\tga\5_tgp\main\main\x64\debug\main.tlog\rc.read.1.tlog
f:\thegameassembly\tga\5_tgp\main\main\x64\debug\main.tlog\rc.write.1.tlog
